2022-05-05 11:18:17,374  * Debugger is active!
2022-05-05 11:18:17,379  * Debugger PIN: 410-594-868
2022-05-05 11:18:17,504  * Running on http://127.0.0.1:5000/ (Press CTRL+C to quit)
2022-05-05 11:18:20,271 127.0.0.1 - - [05/May/2022 11:18:20] "GET / HTTP/1.1" 200 -
2022-05-05 11:18:20,286 127.0.0.1 - - [05/May/2022 11:18:20] "[36mGET /static/css/main.css HTTP/1.1[0m" 304 -
2022-05-05 11:18:20,286 127.0.0.1 - - [05/May/2022 11:18:20] "[36mGET /static/js/main.js HTTP/1.1[0m" 304 -
2022-05-05 11:18:25,658 127.0.0.1 - - [05/May/2022 11:18:25] "POST /predict HTTP/1.1" 200 -
2022-05-05 11:18:40,396 127.0.0.1 - - [05/May/2022 11:18:40] "GET / HTTP/1.1" 200 -
2022-05-05 11:18:40,419 127.0.0.1 - - [05/May/2022 11:18:40] "[36mGET /static/css/main.css HTTP/1.1[0m" 304 -
2022-05-05 11:18:40,421 127.0.0.1 - - [05/May/2022 11:18:40] "[36mGET /static/js/main.js HTTP/1.1[0m" 304 -
2022-05-05 11:18:58,521 127.0.0.1 - - [05/May/2022 11:18:58] "POST /predict HTTP/1.1" 200 -
2022-05-05 11:19:02,999 127.0.0.1 - - [05/May/2022 11:19:02] "POST /predict HTTP/1.1" 200 -
2022-05-05 11:19:10,654 127.0.0.1 - - [05/May/2022 11:19:10] "POST /predict HTTP/1.1" 200 -
2022-05-05 11:19:15,122 127.0.0.1 - - [05/May/2022 11:19:15] "POST /predict HTTP/1.1" 200 -
2022-05-05 11:19:20,937 127.0.0.1 - - [05/May/2022 11:19:20] "POST /predict HTTP/1.1" 200 -
2022-05-05 11:19:28,830 127.0.0.1 - - [05/May/2022 11:19:28] "POST /predict HTTP/1.1" 200 -
2022-05-05 11:19:38,395 127.0.0.1 - - [05/May/2022 11:19:38] "POST /predict HTTP/1.1" 200 -
2022-05-05 11:19:53,441 127.0.0.1 - - [05/May/2022 11:19:53] "POST /predict HTTP/1.1" 200 -
2022-05-05 11:20:09,240 127.0.0.1 - - [05/May/2022 11:20:09] "GET / HTTP/1.1" 200 -
2022-05-05 11:20:09,257 127.0.0.1 - - [05/May/2022 11:20:09] "[36mGET /static/css/main.css HTTP/1.1[0m" 304 -
2022-05-05 11:20:09,257 127.0.0.1 - - [05/May/2022 11:20:09] "[36mGET /static/js/main.js HTTP/1.1[0m" 304 -
2022-05-05 11:20:27,740 127.0.0.1 - - [05/May/2022 11:20:27] "POST /predict HTTP/1.1" 200 -
2022-05-05 11:20:31,622 127.0.0.1 - - [05/May/2022 11:20:31] "POST /predict HTTP/1.1" 200 -
2022-05-05 11:20:37,253 127.0.0.1 - - [05/May/2022 11:20:37] "POST /predict HTTP/1.1" 200 -
2022-05-05 11:20:44,685 127.0.0.1 - - [05/May/2022 11:20:44] "POST /predict HTTP/1.1" 200 -
2022-05-05 11:20:52,766 127.0.0.1 - - [05/May/2022 11:20:52] "POST /predict HTTP/1.1" 200 -
2022-05-05 11:20:58,300 127.0.0.1 - - [05/May/2022 11:20:58] "POST /predict HTTP/1.1" 200 -
2022-05-05 11:21:04,475 127.0.0.1 - - [05/May/2022 11:21:04] "POST /predict HTTP/1.1" 200 -
